python : D:\Demand 
prediction AI\demand_fo
recast.py:19: 
DeprecationWarning: 
At line:1 char:1
+ python 
demand_forecast.py 
2>"d:\Demand 
prediction 
AI\test_output.txt" ...
+ ~~~~~~~~~~~~~~~~~~~~~
~~~~~~~~~~~~~~~~~~~~~~~
~~~~~~~~~~~~~~~~~~~~~~~
~~
    + CategoryInfo     
         : NotSpecifi  
  ed: (D:\Demand pre   
 di...cationWarning    
: :String) [], Rem    
oteException
    + FullyQualifiedEr 
   rorId : NativeComm  
  andError
 
Pyarrow will become a 
required dependency of 
pandas in the next 
major release of 
pandas (pandas 3.0),
(to allow more 
performant data types, 
such as the Arrow 
string type, and 
better 
interoperability with 
other libraries)
but was not found to 
be installed on your 
system.
If this would cause 
problems for you,
please provide us 
feedback at https://git
hub.com/pandas-dev/pand
as/issues/54466
        
  import pandas as pd
2026-03-16 15:38:24 | 
DEBUG   | 
sutram.demand_forecast 
| select_model: n=20 
rows
2026-03-16 15:38:24 | 
DEBUG   | 
sutram.demand_forecast 
| select_model: \u2192 
MOVING_AVERAGE_7
2026-03-16 15:38:24 | 
DEBUG   | 
sutram.demand_forecast 
| select_model: n=60 
rows
2026-03-16 15:38:24 | 
DEBUG   | 
sutram.demand_forecast 
| select_model: \u2192 
MOVING_AVERAGE_30
2026-03-16 15:38:24 | 
DEBUG   | 
sutram.demand_forecast 
| select_model: n=100 
rows
2026-03-16 15:38:24 | 
DEBUG   | 
sutram.demand_forecast 
| detect_seasonality: 
strength=0.0478 
threshold=0.3000 
\u2192 False
2026-03-16 15:38:24 | 
DEBUG   | 
sutram.demand_forecast 
| select_model: \u2192 
HOLT_WINTERS
2026-03-16 15:38:24 | 
DEBUG   | 
sutram.demand_forecast 
| select_model: n=200 
rows
2026-03-16 15:38:24 | 
DEBUG   | 
sutram.demand_forecast 
| detect_seasonality: 
strength=0.1300 
threshold=0.3000 
\u2192 False
2026-03-16 15:38:24 | 
DEBUG   | 
sutram.demand_forecast 
| select_model: \u2192 
HOLT_WINTERS
2026-03-16 15:38:24 | 
INFO    | 
sutram.demand_forecast 
| fit_moving_average(wi
ndow=7): completed ù 
avg=0.00, 30 rows
2026-03-16 15:38:24 | 
DEBUG   | 
sutram.demand_forecast 
| calculate_reorder: 
avg_daily == 0 ù no 
demand
2026-03-16 15:38:24 | 
INFO    | 
sutram.demand_forecast 
| calculate_reorder: 
avg=40.0 safety=50.0 
reorder_pt=250.0 
days_left=3 
reorder=True qty=1280
2026-03-16 15:38:24 | 
DEBUG   | 
sutram.demand_forecast 
| select_model: n=100 
rows
2026-03-16 15:38:24 | 
DEBUG   | 
sutram.demand_forecast 
| detect_seasonality: 
total_power == 0 ù 
returning False
2026-03-16 15:38:24 | 
DEBUG   | 
sutram.demand_forecast 
| select_model: \u2192 
HOLT_WINTERS
2026-03-16 15:38:24 | 
DEBUG   | 
sutram.demand_forecast 
| calculate_reorder: 
avg_daily == 0 ù no 
demand
